2026-06-24T17:13:09.505565Z  INFO herdr::logging: herdr starting event="app.startup" subsystem="client" outcome="started" pid=60633
2026-06-24T17:13:09.505636Z  INFO herdr::client: connecting to server path=/Users/fox/.config/herdr/herdr-client.sock
2026-06-24T17:13:09.638914Z  INFO herdr::client: handshake succeeded version=14 encoding=SemanticFrame
2026-06-24T18:17:59.981379Z  INFO herdr::logging: herdr exiting event="app.shutdown" subsystem="client" outcome="completed" pid=60633
2026-06-25T01:42:51.605725Z  INFO herdr::logging: herdr starting event="app.startup" subsystem="client" outcome="started" pid=46085
2026-06-25T01:42:51.605803Z  INFO herdr::client: connecting to server path=/Users/fox/.config/herdr/herdr-client.sock
2026-06-25T01:42:51.809650Z  INFO herdr::client: handshake succeeded version=14 encoding=SemanticFrame
2026-06-25T01:43:08.633630Z  INFO herdr::logging: herdr exiting event="app.shutdown" subsystem="client" outcome="completed" pid=46085
2026-06-25T11:14:16.886801Z  INFO herdr::logging: herdr starting event="app.startup" subsystem="client" outcome="started" pid=58021
2026-06-25T11:14:16.887028Z  INFO herdr::client: connecting to server path=/Users/fox/.config/herdr/herdr-client.sock
2026-06-25T11:14:16.982397Z  INFO herdr::client: handshake succeeded version=14 encoding=SemanticFrame
2026-06-25T11:42:00.055714Z  INFO herdr::logging: herdr exiting event="app.shutdown" subsystem="client" outcome="completed" pid=58021
2026-06-25T11:42:07.676882Z  INFO herdr::logging: herdr starting event="app.startup" subsystem="client" outcome="started" pid=66367
2026-06-25T11:42:07.676931Z  INFO herdr::client: connecting to server path=/Users/fox/.config/herdr/herdr-client.sock
2026-06-25T11:42:07.771747Z  INFO herdr::client: handshake succeeded version=14 encoding=SemanticFrame
2026-06-25T11:53:30.064582Z  INFO herdr::logging: herdr exiting event="app.shutdown" subsystem="client" outcome="completed" pid=66367
2026-06-25T12:37:17.187658Z  INFO herdr::logging: herdr starting event="app.startup" subsystem="client" outcome="started" pid=89588
2026-06-25T12:37:17.187922Z  INFO herdr::client: connecting to server path=/Users/fox/.config/herdr/herdr-client.sock
2026-06-25T12:37:17.289086Z  INFO herdr::client: handshake succeeded version=14 encoding=SemanticFrame
2026-06-25T12:51:19.735214Z  INFO herdr::logging: herdr exiting event="app.shutdown" subsystem="client" outcome="completed" pid=89588
2026-06-25T12:58:16.810195Z  INFO herdr::logging: herdr starting event="app.startup" subsystem="client" outcome="started" pid=1315
2026-06-25T12:58:16.810245Z  INFO herdr::client: connecting to server path=/Users/fox/.config/herdr/herdr-client.sock
2026-06-25T12:58:16.955741Z  INFO herdr::client: handshake succeeded version=14 encoding=SemanticFrame
2026-06-25T13:30:39.003247Z  INFO herdr::logging: herdr exiting event="app.shutdown" subsystem="client" outcome="completed" pid=1315
2026-06-26T00:07:25.099482Z  INFO herdr::logging: herdr starting event="app.startup" subsystem="client" outcome="started" pid=58611
2026-06-26T00:07:25.099726Z  INFO herdr::client: connecting to server path=/Users/fox/.config/herdr/herdr-client.sock
2026-06-26T00:07:25.214234Z  INFO herdr::client: handshake succeeded version=14 encoding=SemanticFrame
2026-06-26T13:13:52.342860Z  INFO herdr::logging: herdr exiting event="app.shutdown" subsystem="client" outcome="completed" pid=58611
2026-06-26T20:29:42.634808Z  INFO herdr::logging: herdr starting event="app.startup" subsystem="client" outcome="started" pid=33009
2026-06-26T20:29:42.635144Z  INFO herdr::client: connecting to server path=/Users/fox/.config/herdr/herdr-client.sock
2026-06-26T20:29:42.874456Z  INFO herdr::client: handshake succeeded version=14 encoding=SemanticFrame
2026-06-26T20:29:57.507643Z  INFO herdr::logging: herdr exiting event="app.shutdown" subsystem="client" outcome="completed" pid=33009
2026-06-26T20:34:21.186048Z  INFO herdr::logging: herdr starting event="app.startup" subsystem="client" outcome="started" pid=41792
2026-06-26T20:34:21.186095Z  INFO herdr::client: connecting to server path=/Users/fox/.config/herdr/herdr-client.sock
2026-06-26T20:34:21.430656Z  INFO herdr::client: handshake succeeded version=14 encoding=SemanticFrame
2026-06-26T21:44:53.702529Z  INFO herdr::logging: herdr exiting event="app.shutdown" subsystem="client" outcome="completed" pid=41792
2026-06-29T02:09:27.578907Z  INFO herdr::logging: herdr starting event="app.startup" subsystem="client" outcome="started" pid=92277
2026-06-29T02:09:27.578991Z  INFO herdr::client: connecting to server path=/Users/fox/.config/herdr/herdr-client.sock
2026-06-29T02:09:27.705180Z  INFO herdr::client: handshake succeeded version=14 encoding=SemanticFrame
2026-06-29T02:09:42.823591Z  INFO herdr::logging: herdr starting event="app.startup" subsystem="client" outcome="started" pid=92679
2026-06-29T02:09:42.823657Z  INFO herdr::client: connecting to server path=/Users/fox/.config/herdr/herdr-client.sock
2026-06-29T02:09:43.002301Z  INFO herdr::client: handshake succeeded version=14 encoding=SemanticFrame
2026-06-29T02:09:57.792074Z  INFO herdr::logging: herdr exiting event="app.shutdown" subsystem="client" outcome="completed" pid=92679
2026-06-29T02:10:03.102698Z  INFO herdr::logging: herdr exiting event="app.shutdown" subsystem="client" outcome="completed" pid=92277
2026-07-01T14:37:41.061742Z  INFO herdr::logging: herdr starting event="app.startup" subsystem="client" outcome="started" pid=94600
2026-07-01T14:37:41.061778Z  INFO herdr::client: connecting to server path=/Users/fox/.config/herdr/herdr-client.sock
2026-07-01T14:37:41.161561Z  INFO herdr::client: handshake succeeded version=14 encoding=SemanticFrame
2026-07-01T14:43:02.894129Z  INFO herdr::logging: herdr starting event="app.startup" subsystem="client" outcome="started" pid=1448
2026-07-01T14:43:02.894182Z  INFO herdr::client: connecting to server path=/Users/fox/.config/herdr/herdr-client.sock
2026-07-01T14:43:03.064524Z  INFO herdr::client: handshake succeeded version=14 encoding=SemanticFrame
2026-07-01T15:04:35.043784Z  INFO herdr::logging: herdr exiting event="app.shutdown" subsystem="client" outcome="completed" pid=94600
2026-07-01T15:04:37.440055Z  INFO herdr::logging: herdr starting event="app.startup" subsystem="client" outcome="started" pid=16909
2026-07-01T15:04:37.440109Z  INFO herdr::client: connecting to server path=/Users/fox/.config/herdr/herdr-client.sock
2026-07-01T15:04:37.612725Z  INFO herdr::client: handshake succeeded version=14 encoding=SemanticFrame
2026-07-01T15:17:20.424165Z  INFO herdr::logging: herdr exiting event="app.shutdown" subsystem="client" outcome="completed" pid=1448
2026-07-01T15:17:25.786729Z  INFO herdr::logging: herdr exiting event="app.shutdown" subsystem="client" outcome="completed" pid=16909
2026-07-01T15:17:28.291532Z  INFO herdr::logging: herdr starting event="app.startup" subsystem="client" outcome="started" pid=27932
2026-07-01T15:17:28.291588Z  INFO herdr::client: connecting to server path=/Users/fox/.config/herdr/herdr-client.sock
2026-07-01T15:17:28.409365Z  INFO herdr::client: handshake succeeded version=14 encoding=SemanticFrame
2026-07-01T16:18:41.342785Z  INFO herdr::logging: herdr exiting event="app.shutdown" subsystem="client" outcome="completed" pid=27932
2026-07-01T16:18:44.726356Z  INFO herdr::logging: herdr starting event="app.startup" subsystem="client" outcome="started" pid=50197
2026-07-01T16:18:44.726424Z  INFO herdr::client: connecting to server path=/Users/fox/.config/herdr/herdr-client.sock
2026-07-01T16:18:44.886594Z  INFO herdr::client: handshake succeeded version=14 encoding=SemanticFrame
2026-07-01T16:23:09.497326Z  INFO herdr::logging: herdr exiting event="app.shutdown" subsystem="client" outcome="completed" pid=50197
2026-07-01T16:28:49.948468Z  INFO herdr::logging: herdr starting event="app.startup" subsystem="client" outcome="started" pid=59753
2026-07-01T16:28:49.948510Z  INFO herdr::client: connecting to server path=/Users/fox/.config/herdr/herdr-client.sock
2026-07-01T16:28:50.045387Z  INFO herdr::client: handshake succeeded version=14 encoding=SemanticFrame
2026-07-01T23:23:44.551505Z  INFO herdr::logging: herdr exiting event="app.shutdown" subsystem="client" outcome="completed" pid=59753
2026-07-01T23:23:49.348557Z  INFO herdr::logging: herdr starting event="app.startup" subsystem="client" outcome="started" pid=39418
2026-07-01T23:23:49.351926Z  INFO herdr::client: connecting to server path=/Users/fox/.config/herdr/herdr-client.sock
2026-07-01T23:23:49.580878Z  INFO herdr::client: handshake succeeded version=14 encoding=SemanticFrame
2026-07-01T23:23:56.853055Z  INFO herdr::logging: herdr exiting event="app.shutdown" subsystem="client" outcome="completed" pid=39418
2026-07-01T23:24:08.377559Z  INFO herdr::logging: herdr starting event="app.startup" subsystem="client" outcome="started" pid=39728
2026-07-01T23:24:08.377610Z  INFO herdr::client: connecting to server path=/Users/fox/.config/herdr/herdr-client.sock
2026-07-01T23:24:08.454857Z  INFO herdr::client: handshake succeeded version=14 encoding=SemanticFrame
2026-07-01T23:28:15.436544Z  INFO herdr::logging: herdr exiting event="app.shutdown" subsystem="client" outcome="completed" pid=39728
2026-07-01T23:45:42.745978Z  INFO herdr::logging: herdr starting event="app.startup" subsystem="client" outcome="started" pid=52064
2026-07-01T23:45:42.746019Z  INFO herdr::client: connecting to server path=/Users/fox/.config/herdr/herdr-client.sock
2026-07-01T23:45:42.748865Z  INFO herdr::client: handshake succeeded version=14 encoding=SemanticFrame
2026-07-02T00:14:37.932651Z  INFO herdr::logging: herdr starting event="app.startup" subsystem="client" outcome="started" pid=68264
2026-07-02T00:14:37.932714Z  INFO herdr::client: connecting to server path=/Users/fox/.config/herdr/herdr-client.sock
2026-07-02T00:14:37.932939Z  INFO herdr::client: handshake succeeded version=14 encoding=SemanticFrame
2026-07-02T00:14:45.026005Z  WARN herdr::raw_input: flushing lone escape after input timeout; if this follows an alt chord or focus switch it may reach the pane as plain esc bytes=[27]
2026-07-02T00:14:45.026167Z  WARN herdr::raw_input: flushing lone escape after input timeout; if this follows an alt chord or focus switch it may reach the pane as plain esc bytes=[27]
2026-07-02T00:14:49.966386Z  INFO herdr::logging: herdr exiting event="app.shutdown" subsystem="client" outcome="completed" pid=68264
2026-07-02T12:11:36.878103Z  INFO herdr::logging: herdr starting event="app.startup" subsystem="client" outcome="started" pid=97768
2026-07-02T12:11:36.878144Z  INFO herdr::client: connecting to server path=/Users/fox/.config/herdr/herdr-client.sock
2026-07-02T12:11:36.885507Z  INFO herdr::client: handshake succeeded version=14 encoding=SemanticFrame
2026-07-02T12:18:14.965321Z  INFO herdr::logging: herdr exiting event="app.shutdown" subsystem="client" outcome="completed" pid=97768
2026-07-03T02:13:25.109687Z  INFO herdr::logging: herdr exiting event="app.shutdown" subsystem="client" outcome="completed" pid=52064
2026-07-03T02:13:38.056675Z  INFO herdr::logging: herdr starting event="app.startup" subsystem="client" outcome="started" pid=7868
2026-07-03T02:13:38.058370Z  INFO herdr::client: connecting to server path=/Users/fox/.config/herdr/herdr-client.sock
2026-07-03T02:13:38.089721Z  INFO herdr::client: handshake succeeded version=14 encoding=SemanticFrame
2026-07-03T02:14:13.020919Z  INFO herdr::logging: herdr exiting event="app.shutdown" subsystem="client" outcome="completed" pid=7868
2026-07-03T02:14:32.097444Z  INFO herdr::logging: herdr starting event="app.startup" subsystem="client" outcome="started" pid=9004
2026-07-03T02:14:32.097492Z  INFO herdr::client: connecting to server path=/Users/fox/.config/herdr/herdr-client.sock
2026-07-03T02:14:32.183871Z  INFO herdr::client: handshake succeeded version=14 encoding=SemanticFrame
2026-07-03T02:14:36.623513Z  INFO herdr::logging: herdr exiting event="app.shutdown" subsystem="client" outcome="completed" pid=9004
2026-07-03T02:14:37.498790Z  INFO herdr::logging: herdr starting event="app.startup" subsystem="client" outcome="started" pid=9361
2026-07-03T02:14:37.498821Z  INFO herdr::client: connecting to server path=/Users/fox/.config/herdr/herdr-client.sock
2026-07-03T02:14:37.509056Z  INFO herdr::client: handshake succeeded version=14 encoding=SemanticFrame
2026-07-03T02:14:44.679911Z  INFO herdr::logging: herdr exiting event="app.shutdown" subsystem="client" outcome="completed" pid=9361
2026-07-03T12:03:59.063193Z  INFO herdr::logging: herdr starting event="app.startup" subsystem="client" outcome="started" pid=97393
2026-07-03T12:03:59.063232Z  INFO herdr::client: connecting to server path=/Users/fox/.config/herdr/herdr-client.sock
2026-07-03T12:03:59.063871Z  INFO herdr::client: handshake succeeded version=14 encoding=SemanticFrame
2026-07-03T12:07:50.284691Z  INFO herdr::logging: herdr exiting event="app.shutdown" subsystem="client" outcome="completed" pid=97393
2026-07-03T12:14:49.259034Z  INFO herdr::logging: herdr starting event="app.startup" subsystem="client" outcome="started" pid=8921
2026-07-03T12:14:49.259092Z  INFO herdr::client: connecting to server path=/Users/fox/.config/herdr/herdr-client.sock
2026-07-03T12:14:49.261423Z  INFO herdr::client: handshake succeeded version=14 encoding=SemanticFrame
2026-07-03T12:26:43.584716Z  INFO herdr::logging: herdr exiting event="app.shutdown" subsystem="client" outcome="completed" pid=8921
2026-07-03T18:00:07.825150Z  INFO herdr::logging: herdr starting event="app.startup" subsystem="client" outcome="started" pid=75096
2026-07-03T18:00:07.825647Z  INFO herdr::client: connecting to server path=/Users/fox/.config/herdr/herdr-client.sock
2026-07-03T18:00:07.931670Z  INFO herdr::client: handshake succeeded version=14 encoding=SemanticFrame
2026-07-03T18:11:03.120946Z  INFO herdr::logging: herdr exiting event="app.shutdown" subsystem="client" outcome="completed" pid=75096
2026-07-03T19:31:27.101890Z  INFO herdr::logging: herdr starting event="app.startup" subsystem="client" outcome="started" pid=31562
2026-07-03T19:31:27.102308Z  INFO herdr::client: connecting to server path=/Users/fox/.config/herdr/herdr-client.sock
2026-07-03T19:31:27.196319Z  INFO herdr::client: handshake succeeded version=14 encoding=SemanticFrame
2026-07-03T20:52:41.251375Z  INFO herdr::logging: herdr starting event="app.startup" subsystem="client" outcome="started" pid=77374
2026-07-03T20:52:41.251427Z  INFO herdr::client: connecting to server path=/Users/fox/.config/herdr/herdr-client.sock
2026-07-03T20:52:41.257349Z  INFO herdr::client: handshake succeeded version=14 encoding=SemanticFrame
2026-07-03T22:02:29.355910Z  INFO herdr::logging: herdr exiting event="app.shutdown" subsystem="client" outcome="completed" pid=77374
2026-07-03T22:02:33.106199Z  INFO herdr::logging: herdr exiting event="app.shutdown" subsystem="client" outcome="completed" pid=31562
2026-07-03T22:02:54.564720Z  INFO herdr::logging: herdr starting event="app.startup" subsystem="client" outcome="started" pid=20199
2026-07-03T22:02:54.565428Z  INFO herdr::client: connecting to server path=/Users/fox/.config/herdr/herdr-client.sock
2026-07-03T22:02:54.679441Z  INFO herdr::client: handshake succeeded version=14 encoding=SemanticFrame
2026-07-03T22:03:02.419013Z  INFO herdr::logging: herdr exiting event="app.shutdown" subsystem="client" outcome="completed" pid=20199
2026-07-03T22:03:04.690821Z  INFO herdr::logging: herdr starting event="app.startup" subsystem="client" outcome="started" pid=20690
2026-07-03T22:03:04.690861Z  INFO herdr::client: connecting to server path=/Users/fox/.config/herdr/herdr-client.sock
2026-07-03T22:03:04.692368Z  INFO herdr::client: handshake succeeded version=14 encoding=SemanticFrame
2026-07-03T22:05:47.948932Z  INFO herdr::logging: herdr exiting event="app.shutdown" subsystem="client" outcome="completed" pid=20690
2026-07-03T22:48:18.574977Z  INFO herdr::logging: herdr starting event="app.startup" subsystem="client" outcome="started" pid=36377
2026-07-03T22:48:18.575082Z  INFO herdr::client: connecting to server path=/Users/fox/.config/herdr/herdr-client.sock
2026-07-03T22:48:18.577934Z  INFO herdr::client: handshake succeeded version=14 encoding=SemanticFrame
2026-07-03T22:51:54.316526Z  WARN herdr::raw_input: flushing lone escape after input timeout; if this follows an alt chord or focus switch it may reach the pane as plain esc bytes=[27]
2026-07-03T22:51:54.316776Z  WARN herdr::raw_input: flushing lone escape after input timeout; if this follows an alt chord or focus switch it may reach the pane as plain esc bytes=[27]
2026-07-04T00:30:17.148023Z  INFO herdr::logging: herdr exiting event="app.shutdown" subsystem="client" outcome="completed" pid=36377
2026-07-04T01:14:31.049132Z  INFO herdr::logging: herdr starting event="app.startup" subsystem="client" outcome="started" pid=1792
2026-07-04T01:14:31.049167Z  INFO herdr::client: connecting to server path=/Users/fox/.config/herdr/herdr-client.sock
2026-07-04T01:14:31.073084Z  INFO herdr::client: handshake succeeded version=14 encoding=SemanticFrame
2026-07-04T01:15:10.468605Z  WARN herdr::raw_input: flushing lone escape after input timeout; if this follows an alt chord or focus switch it may reach the pane as plain esc bytes=[27]
2026-07-04T01:15:10.468816Z  WARN herdr::raw_input: flushing lone escape after input timeout; if this follows an alt chord or focus switch it may reach the pane as plain esc bytes=[27]
2026-07-04T01:15:17.423838Z  WARN herdr::raw_input: flushing lone escape after input timeout; if this follows an alt chord or focus switch it may reach the pane as plain esc bytes=[27]
2026-07-04T01:15:17.423922Z  WARN herdr::raw_input: flushing lone escape after input timeout; if this follows an alt chord or focus switch it may reach the pane as plain esc bytes=[27]
2026-07-04T01:18:40.033395Z  WARN herdr::raw_input: flushing lone escape after input timeout; if this follows an alt chord or focus switch it may reach the pane as plain esc bytes=[27]
2026-07-04T01:18:40.033743Z  WARN herdr::raw_input: flushing lone escape after input timeout; if this follows an alt chord or focus switch it may reach the pane as plain esc bytes=[27]
2026-07-04T03:15:58.623983Z  INFO herdr::logging: herdr exiting event="app.shutdown" subsystem="client" outcome="completed" pid=1792
2026-07-04T13:31:16.856504Z  INFO herdr::logging: herdr starting event="app.startup" subsystem="client" outcome="started" pid=56382
2026-07-04T13:31:16.856693Z  INFO herdr::client: connecting to server path=/Users/fox/.config/herdr/herdr-client.sock
2026-07-04T13:31:16.860232Z  INFO herdr::client: handshake succeeded version=14 encoding=SemanticFrame
2026-07-04T13:31:21.069454Z  WARN herdr::raw_input: flushing lone escape after input timeout; if this follows an alt chord or focus switch it may reach the pane as plain esc bytes=[27]
2026-07-04T13:31:21.069637Z  WARN herdr::raw_input: flushing lone escape after input timeout; if this follows an alt chord or focus switch it may reach the pane as plain esc bytes=[27]
2026-07-04T13:31:36.283703Z  WARN herdr::raw_input: flushing lone escape after input timeout; if this follows an alt chord or focus switch it may reach the pane as plain esc bytes=[27]
2026-07-04T13:31:36.283809Z  WARN herdr::raw_input: flushing lone escape after input timeout; if this follows an alt chord or focus switch it may reach the pane as plain esc bytes=[27]
2026-07-04T15:06:09.123545Z  WARN herdr::raw_input: flushing lone escape after input timeout; if this follows an alt chord or focus switch it may reach the pane as plain esc bytes=[27]
2026-07-04T15:06:09.123730Z  WARN herdr::raw_input: flushing lone escape after input timeout; if this follows an alt chord or focus switch it may reach the pane as plain esc bytes=[27]
2026-07-04T15:06:23.886617Z  WARN herdr::raw_input: flushing lone escape after input timeout; if this follows an alt chord or focus switch it may reach the pane as plain esc bytes=[27]
2026-07-04T15:06:23.886754Z  WARN herdr::raw_input: flushing lone escape after input timeout; if this follows an alt chord or focus switch it may reach the pane as plain esc bytes=[27]
2026-07-04T15:06:29.172384Z  INFO herdr::logging: herdr exiting event="app.shutdown" subsystem="client" outcome="completed" pid=56382
2026-07-04T15:06:33.594455Z  INFO herdr::logging: herdr starting event="app.startup" subsystem="client" outcome="started" pid=78050
2026-07-04T15:06:33.594519Z  INFO herdr::client: connecting to server path=/Users/fox/.config/herdr/herdr-client.sock
2026-07-04T15:06:33.768208Z  INFO herdr::client: handshake succeeded version=14 encoding=SemanticFrame
2026-07-04T16:07:11.715023Z  WARN herdr::raw_input: flushing lone escape after input timeout; if this follows an alt chord or focus switch it may reach the pane as plain esc bytes=[27]
2026-07-04T16:07:11.715172Z  WARN herdr::raw_input: flushing lone escape after input timeout; if this follows an alt chord or focus switch it may reach the pane as plain esc bytes=[27]
2026-07-04T16:09:04.755670Z  WARN herdr::raw_input: flushing lone escape after input timeout; if this follows an alt chord or focus switch it may reach the pane as plain esc bytes=[27]
2026-07-04T16:09:04.755832Z  WARN herdr::raw_input: flushing lone escape after input timeout; if this follows an alt chord or focus switch it may reach the pane as plain esc bytes=[27]
2026-07-04T16:11:43.606968Z  WARN herdr::raw_input: flushing lone escape after input timeout; if this follows an alt chord or focus switch it may reach the pane as plain esc bytes=[27]
2026-07-04T16:11:43.607133Z  WARN herdr::raw_input: flushing lone escape after input timeout; if this follows an alt chord or focus switch it may reach the pane as plain esc bytes=[27]
2026-07-04T16:12:35.766515Z  WARN herdr::raw_input: flushing lone escape after input timeout; if this follows an alt chord or focus switch it may reach the pane as plain esc bytes=[27]
2026-07-04T16:12:35.766619Z  WARN herdr::raw_input: flushing lone escape after input timeout; if this follows an alt chord or focus switch it may reach the pane as plain esc bytes=[27]
2026-07-04T16:13:14.001976Z  WARN herdr::raw_input: flushing lone escape after input timeout; if this follows an alt chord or focus switch it may reach the pane as plain esc bytes=[27]
2026-07-04T16:13:14.002121Z  WARN herdr::raw_input: flushing lone escape after input timeout; if this follows an alt chord or focus switch it may reach the pane as plain esc bytes=[27]
2026-07-04T16:14:11.619758Z  WARN herdr::raw_input: flushing lone escape after input timeout; if this follows an alt chord or focus switch it may reach the pane as plain esc bytes=[27]
2026-07-04T16:14:11.619869Z  WARN herdr::raw_input: flushing lone escape after input timeout; if this follows an alt chord or focus switch it may reach the pane as plain esc bytes=[27]
2026-07-04T16:15:44.125253Z  WARN herdr::raw_input: flushing lone escape after input timeout; if this follows an alt chord or focus switch it may reach the pane as plain esc bytes=[27]
2026-07-04T16:15:44.125416Z  WARN herdr::raw_input: flushing lone escape after input timeout; if this follows an alt chord or focus switch it may reach the pane as plain esc bytes=[27]
2026-07-04T16:15:54.781325Z  WARN herdr::raw_input: flushing lone escape after input timeout; if this follows an alt chord or focus switch it may reach the pane as plain esc bytes=[27]
2026-07-04T16:15:54.781453Z  WARN herdr::raw_input: flushing lone escape after input timeout; if this follows an alt chord or focus switch it may reach the pane as plain esc bytes=[27]
2026-07-04T16:16:19.568724Z  WARN herdr::raw_input: flushing lone escape after input timeout; if this follows an alt chord or focus switch it may reach the pane as plain esc bytes=[27]
2026-07-04T16:16:19.568886Z  WARN herdr::raw_input: flushing lone escape after input timeout; if this follows an alt chord or focus switch it may reach the pane as plain esc bytes=[27]
2026-07-04T21:27:13.755832Z  INFO herdr::logging: herdr starting event="app.startup" subsystem="client" outcome="started" pid=5994
2026-07-04T21:27:13.755878Z  INFO herdr::client: connecting to server path=/Users/fox/.config/herdr/herdr-client.sock
2026-07-04T21:27:13.759110Z  INFO herdr::client: handshake succeeded version=14 encoding=SemanticFrame
2026-07-04T21:32:15.741566Z  WARN herdr::raw_input: flushing lone escape after input timeout; if this follows an alt chord or focus switch it may reach the pane as plain esc bytes=[27]
2026-07-04T21:32:15.741792Z  WARN herdr::raw_input: flushing lone escape after input timeout; if this follows an alt chord or focus switch it may reach the pane as plain esc bytes=[27]
2026-07-04T21:32:20.988136Z  INFO herdr::logging: herdr exiting event="app.shutdown" subsystem="client" outcome="completed" pid=5994
2026-07-05T10:47:46.486958Z  WARN herdr::raw_input: flushing lone escape after input timeout; if this follows an alt chord or focus switch it may reach the pane as plain esc bytes=[27]
2026-07-05T10:47:46.487036Z  WARN herdr::raw_input: flushing lone escape after input timeout; if this follows an alt chord or focus switch it may reach the pane as plain esc bytes=[27]
2026-07-05T17:10:36.671012Z  WARN herdr::raw_input: flushing lone escape after input timeout; if this follows an alt chord or focus switch it may reach the pane as plain esc bytes=[27]
2026-07-05T17:10:36.671224Z  WARN herdr::raw_input: flushing lone escape after input timeout; if this follows an alt chord or focus switch it may reach the pane as plain esc bytes=[27]
2026-07-06T03:02:26.329406Z  WARN herdr::raw_input: flushing lone escape after input timeout; if this follows an alt chord or focus switch it may reach the pane as plain esc bytes=[27]
2026-07-06T03:02:26.329580Z  WARN herdr::raw_input: flushing lone escape after input timeout; if this follows an alt chord or focus switch it may reach the pane as plain esc bytes=[27]
2026-07-06T03:03:06.362298Z  WARN herdr::raw_input: flushing lone escape after input timeout; if this follows an alt chord or focus switch it may reach the pane as plain esc bytes=[27]
2026-07-06T03:03:06.362458Z  WARN herdr::raw_input: flushing lone escape after input timeout; if this follows an alt chord or focus switch it may reach the pane as plain esc bytes=[27]
2026-07-06T03:03:10.534069Z  WARN herdr::raw_input: flushing lone escape after input timeout; if this follows an alt chord or focus switch it may reach the pane as plain esc bytes=[27]
2026-07-06T03:03:10.534225Z  WARN herdr::raw_input: flushing lone escape after input timeout; if this follows an alt chord or focus switch it may reach the pane as plain esc bytes=[27]
2026-07-06T03:05:17.678890Z  WARN herdr::raw_input: flushing lone escape after input timeout; if this follows an alt chord or focus switch it may reach the pane as plain esc bytes=[27]
2026-07-06T03:05:17.679145Z  WARN herdr::raw_input: flushing lone escape after input timeout; if this follows an alt chord or focus switch it may reach the pane as plain esc bytes=[27]
2026-07-06T03:05:23.452111Z  WARN herdr::raw_input: flushing lone escape after input timeout; if this follows an alt chord or focus switch it may reach the pane as plain esc bytes=[27]
2026-07-06T03:05:23.452285Z  WARN herdr::raw_input: flushing lone escape after input timeout; if this follows an alt chord or focus switch it may reach the pane as plain esc bytes=[27]
2026-07-06T03:05:26.248418Z  WARN herdr::raw_input: flushing lone escape after input timeout; if this follows an alt chord or focus switch it may reach the pane as plain esc bytes=[27]
2026-07-06T03:05:26.248571Z  WARN herdr::raw_input: flushing lone escape after input timeout; if this follows an alt chord or focus switch it may reach the pane as plain esc bytes=[27]
2026-07-06T03:06:54.243774Z  WARN herdr::raw_input: flushing lone escape after input timeout; if this follows an alt chord or focus switch it may reach the pane as plain esc bytes=[27]
2026-07-06T03:06:54.243965Z  WARN herdr::raw_input: flushing lone escape after input timeout; if this follows an alt chord or focus switch it may reach the pane as plain esc bytes=[27]
2026-07-06T03:06:55.734723Z  WARN herdr::raw_input: flushing lone escape after input timeout; if this follows an alt chord or focus switch it may reach the pane as plain esc bytes=[27]
2026-07-06T03:06:55.734815Z  WARN herdr::raw_input: flushing lone escape after input timeout; if this follows an alt chord or focus switch it may reach the pane as plain esc bytes=[27]
2026-07-06T03:09:19.548046Z  INFO herdr::logging: herdr exiting event="app.shutdown" subsystem="client" outcome="completed" pid=78050
2026-07-06T03:09:26.587805Z  INFO herdr::logging: herdr starting event="app.startup" subsystem="client" outcome="started" pid=64517
2026-07-06T03:09:26.587879Z  INFO herdr::client: connecting to server path=/Users/fox/.config/herdr/herdr-client.sock
2026-07-06T03:09:26.592997Z  INFO herdr::client: handshake succeeded version=14 encoding=SemanticFrame
2026-07-06T03:13:38.725796Z  INFO herdr::logging: herdr exiting event="app.shutdown" subsystem="client" outcome="completed" pid=64517
2026-07-06T03:15:06.870584Z  INFO herdr::logging: herdr starting event="app.startup" subsystem="client" outcome="started" pid=68902
2026-07-06T03:15:06.870624Z  INFO herdr::client: connecting to server path=/Users/fox/.config/herdr/herdr-client.sock
2026-07-06T03:15:06.870818Z  INFO herdr::client: handshake succeeded version=14 encoding=SemanticFrame
2026-07-06T03:16:41.586721Z  INFO herdr::logging: herdr exiting event="app.shutdown" subsystem="client" outcome="completed" pid=68902
2026-07-06T13:07:47.317013Z  INFO herdr::logging: herdr starting event="app.startup" subsystem="client" outcome="started" pid=17978
2026-07-06T13:07:47.317065Z  INFO herdr::client: connecting to server path=/Users/fox/.config/herdr/herdr-client.sock
2026-07-06T13:07:47.418439Z  INFO herdr::client: handshake succeeded version=14 encoding=SemanticFrame
2026-07-06T13:08:48.529925Z  INFO herdr::logging: herdr exiting event="app.shutdown" subsystem="client" outcome="completed" pid=17978
2026-07-06T13:11:24.757572Z  INFO herdr::logging: herdr starting event="app.startup" subsystem="client" outcome="started" pid=24319
2026-07-06T13:11:24.757598Z  INFO herdr::client: connecting to server path=/Users/fox/.config/herdr/herdr-client.sock
2026-07-06T13:11:24.758765Z  INFO herdr::client: handshake succeeded version=14 encoding=SemanticFrame
